free VRAM 6.87 GB
2026-09-27 18:07:02 configs: [('large-v3-turbo', 'cuda', 'float16'), ('large-v3', 'cuda', 'float16'), ('large-v3-turbo', 'cpu', 'int8'), ('medium', 'cpu', 'int8')]
  large-v3-turbo  cuda  0.051 ko(1.00)  0.72s/ 17.2s  real__cosyvoice__v2-zeroshot-krfemale__kr-aegyo.wav
  large-v3-turbo  cuda  0.051 ko(1.00)  0.70s/ 20.8s  real__cosyvoice__v2-crosslingual-krfemale__kr-aegyo.wav
  large-v3-turbo  cuda  0.051 ko(1.00)  0.66s/ 16.7s  real__cosyvoice__v3-zeroshot-krfemale__kr-aegyo.wav
  large-v3-turbo  cuda  0.068 ko(1.00)  0.66s/ 12.7s  real__chatterbox__meloref-ex0.5-cfg0.5__kr-aegyo.wav
  large-v3-turbo  cuda  0.051 ko(1.00)  0.71s/ 17.3s  aegyo__1_style-only__kr.wav
  large-v3-turbo  cuda  0.068 ko(1.00)  0.70s/ 15.7s  aegyo__3_cute__kr.wav
  large-v3-turbo  cuda  0.068 ko(1.00)  0.70s/ 15.4s  aegyo__4_very-cute__kr.wav
  large-v3-turbo  cuda  0.000 ko(1.00)  0.60s/ 13.3s  real__cosyvoice__v2-zeroshot-krfemale__kr-neutral.wav
  large-v3-turbo  cuda  0.000 ko(1.00)  0.56s/ 12.2s  real__cosyvoice__v3-zeroshot-krfemale__kr-neutral.wav
  large-v3-turbo  cuda  0.000 ko(1.00)  0.59s/ 11.8s  real__chatterbox__default-cfg0__kr-neutral.wav
  large-v3-turbo  cuda  0.000 ko(1.00)  0.59s/ 11.7s  real__chatterbox__meloref__kr-neutral.wav
  large-v3-turbo  cuda  0.000 ko(1.00)  0.60s/ 12.8s  melotts__kr__kr.wav
  large-v3-turbo  cuda  0.041 ko(1.00)  0.59s/  9.7s  piper__ko_kr-kss-medium__kr.wav
  large-v3-turbo  cuda  0.000 en(1.00)  0.58s/  9.1s  real__cosyvoice__v2-crosslingual-krfemale__en.wav
  large-v3-turbo  cuda  0.000 en(1.00)  0.58s/ 10.8s  real__cosyvoice__v2-zeroshot-enfemale__en.wav
  large-v3-turbo  cuda  0.016 en(1.00)  0.62s/ 11.7s  kokoro__af_heart__en.wav
  large-v3-turbo  cuda  0.000 en(1.00)  0.58s/ 12.3s  kokoro__bm_george__en.wav
  large-v3-turbo  cuda  0.000 en(1.00)  0.56s/ 11.0s  melotts__en-india__en.wav
  large-v3-turbo  cuda  0.000 en(1.00)  0.57s/ 11.4s  melotts__en-us__en.wav
  large-v3-turbo  cuda  0.038 en(1.00)  0.58s/ 10.1s  piper__en_gb-cori-high__en.wav
  large-v3-turbo  cuda  0.000 en(1.00)  0.61s/ 10.1s  piper__en_gb-northern_english_male-medium__en.wav
SUMMARY {"model": "large-v3-turbo", "device": "cuda", "compute": "float16", "load_s": 2.56, "vram_after_load_gb": 4.66, "vram_peak_gb": 4.85, "unload_s": 0.02, "vram_after_unload_gb": 0.01, "reload_s": 1.88, "reload_from_ram_s": 0.43, "cer_ko_mean": 0.0344, "cer_ko_median": 0.0508, "wrong_lang_ko": 0, "cer_en_mean": 0.0067, "cer_en_median": 0.0, "wrong_lang_en": 0, "rtf_median": 0.05, "median_s_on_11-13s_clips": 0.59}
  large-v3        cuda  0.034 ko(1.00)  1.77s/ 17.2s  real__cosyvoice__v2-zeroshot-krfemale__kr-aegyo.wav
  large-v3        cuda  0.051 ko(1.00)  1.74s/ 20.8s  real__cosyvoice__v2-crosslingual-krfemale__kr-aegyo.wav
  large-v3        cuda  0.051 ko(1.00)  1.78s/ 16.7s  real__cosyvoice__v3-zeroshot-krfemale__kr-aegyo.wav
  large-v3        cuda  0.068 ko(1.00)  1.77s/ 12.7s  real__chatterbox__meloref-ex0.5-cfg0.5__kr-aegyo.wav
  large-v3        cuda  0.051 ko(1.00)  1.73s/ 17.3s  aegyo__1_style-only__kr.wav
  large-v3        cuda  0.068 ko(0.99)  1.75s/ 15.7s  aegyo__3_cute__kr.wav
  large-v3        cuda  0.068 ko(0.99)  1.85s/ 15.4s  aegyo__4_very-cute__kr.wav
  large-v3        cuda  0.000 ko(1.00)  1.31s/ 13.3s  real__cosyvoice__v2-zeroshot-krfemale__kr-neutral.wav
  large-v3        cuda  0.000 ko(1.00)  1.30s/ 12.2s  real__cosyvoice__v3-zeroshot-krfemale__kr-neutral.wav
  large-v3        cuda  0.000 ko(1.00)  1.41s/ 11.8s  real__chatterbox__default-cfg0__kr-neutral.wav
  large-v3        cuda  0.000 ko(1.00)  1.39s/ 11.7s  real__chatterbox__meloref__kr-neutral.wav
  large-v3        cuda  0.000 ko(1.00)  1.40s/ 12.8s  melotts__kr__kr.wav
  large-v3        cuda  0.000 ko(1.00)  1.46s/  9.7s  piper__ko_kr-kss-medium__kr.wav
  large-v3        cuda  0.000 en(1.00)  1.31s/  9.1s  real__cosyvoice__v2-crosslingual-krfemale__en.wav
  large-v3        cuda  0.000 en(1.00)  1.29s/ 10.8s  real__cosyvoice__v2-zeroshot-enfemale__en.wav
  large-v3        cuda  0.027 en(0.99)  1.39s/ 11.7s  kokoro__af_heart__en.wav
  large-v3        cuda  0.000 en(1.00)  1.35s/ 12.3s  kokoro__bm_george__en.wav
  large-v3        cuda  0.000 en(1.00)  1.34s/ 11.0s  melotts__en-india__en.wav
  large-v3        cuda  0.000 en(1.00)  1.57s/ 11.4s  melotts__en-us__en.wav
  large-v3        cuda  0.032 en(0.99)  1.60s/ 10.1s  piper__en_gb-cori-high__en.wav
  large-v3        cuda  0.000 en(0.99)  1.70s/ 10.1s  piper__en_gb-northern_english_male-medium__en.wav
SUMMARY {"model": "large-v3", "device": "cuda", "compute": "float16", "load_s": 4.91, "vram_after_load_gb": 3.98, "vram_peak_gb": 4.01, "unload_s": 0.03, "vram_after_unload_gb": 0.01, "reload_s": 9.26, "reload_from_ram_s": 0.98, "cer_ko_mean": 0.03, "cer_ko_median": 0.0339, "wrong_lang_ko": 0, "cer_en_mean": 0.0074, "cer_en_median": 0.0, "wrong_lang_en": 0, "rtf_median": 0.119, "median_s_on_11-13s_clips": 1.39}
  large-v3-turbo  cpu   0.051 ko(1.00) 10.55s/ 17.2s  real__cosyvoice__v2-zeroshot-krfemale__kr-aegyo.wav
  large-v3-turbo  cpu   0.051 ko(1.00) 10.81s/ 20.8s  real__cosyvoice__v2-crosslingual-krfemale__kr-aegyo.wav
  large-v3-turbo  cpu   0.051 ko(1.00) 10.50s/ 16.7s  real__cosyvoice__v3-zeroshot-krfemale__kr-aegyo.wav
  large-v3-turbo  cpu   0.068 ko(1.00) 10.95s/ 12.7s  real__chatterbox__meloref-ex0.5-cfg0.5__kr-aegyo.wav
  large-v3-turbo  cpu   0.051 ko(1.00) 10.75s/ 17.3s  aegyo__1_style-only__kr.wav
  large-v3-turbo  cpu   0.068 ko(1.00) 10.54s/ 15.7s  aegyo__3_cute__kr.wav
  large-v3-turbo  cpu   0.102 ko(1.00) 10.50s/ 15.4s  aegyo__4_very-cute__kr.wav
  large-v3-turbo  cpu   0.000 ko(1.00) 10.29s/ 13.3s  real__cosyvoice__v2-zeroshot-krfemale__kr-neutral.wav
  large-v3-turbo  cpu   0.000 ko(1.00) 10.37s/ 12.2s  real__cosyvoice__v3-zeroshot-krfemale__kr-neutral.wav
  large-v3-turbo  cpu   0.000 ko(1.00) 10.26s/ 11.8s  real__chatterbox__default-cfg0__kr-neutral.wav
  large-v3-turbo  cpu   0.000 ko(1.00) 10.46s/ 11.7s  real__chatterbox__meloref__kr-neutral.wav
  large-v3-turbo  cpu   0.000 ko(1.00) 10.31s/ 12.8s  melotts__kr__kr.wav
  large-v3-turbo  cpu   0.041 ko(1.00) 10.21s/  9.7s  piper__ko_kr-kss-medium__kr.wav
  large-v3-turbo  cpu   0.000 en(1.00) 10.58s/  9.1s  real__cosyvoice__v2-crosslingual-krfemale__en.wav
  large-v3-turbo  cpu   0.000 en(1.00) 10.52s/ 10.8s  real__cosyvoice__v2-zeroshot-enfemale__en.wav
  large-v3-turbo  cpu   0.016 en(1.00) 10.28s/ 11.7s  kokoro__af_heart__en.wav
  large-v3-turbo  cpu   0.000 en(1.00) 10.54s/ 12.3s  kokoro__bm_george__en.wav
  large-v3-turbo  cpu   0.000 en(1.00) 10.22s/ 11.0s  melotts__en-india__en.wav
  large-v3-turbo  cpu   0.000 en(1.00)  9.88s/ 11.4s  melotts__en-us__en.wav
  large-v3-turbo  cpu   0.038 en(1.00) 10.10s/ 10.1s  piper__en_gb-cori-high__en.wav
  large-v3-turbo  cpu   0.000 en(1.00) 10.69s/ 10.1s  piper__en_gb-northern_english_male-medium__en.wav
SUMMARY {"model": "large-v3-turbo", "device": "cpu", "compute": "int8", "load_s": 3.69, "cer_ko_mean": 0.037, "cer_ko_median": 0.0508, "wrong_lang_ko": 0, "cer_en_mean": 0.0067, "cer_en_median": 0.0, "wrong_lang_en": 0, "rtf_median": 0.861, "median_s_on_11-13s_clips": 10.31}
  medium          cpu   0.068 ko(1.00)  9.58s/ 17.2s  real__cosyvoice__v2-zeroshot-krfemale__kr-aegyo.wav
  medium          cpu   0.085 ko(0.99)  9.40s/ 20.8s  real__cosyvoice__v2-crosslingual-krfemale__kr-aegyo.wav
  medium          cpu   0.051 ko(1.00)  9.83s/ 16.7s  real__cosyvoice__v3-zeroshot-krfemale__kr-aegyo.wav
  medium          cpu   0.051 ko(0.99)  9.67s/ 12.7s  real__chatterbox__meloref-ex0.5-cfg0.5__kr-aegyo.wav
  medium          cpu   0.068 ko(0.99)  9.32s/ 17.3s  aegyo__1_style-only__kr.wav
  medium          cpu   0.068 ko(0.96) 12.78s/ 15.7s  aegyo__3_cute__kr.wav
  medium          cpu   0.136 ko(0.97) 10.34s/ 15.4s  aegyo__4_very-cute__kr.wav
  medium          cpu   0.000 ko(1.00)  8.14s/ 13.3s  real__cosyvoice__v2-zeroshot-krfemale__kr-neutral.wav
  medium          cpu   0.000 ko(1.00)  8.17s/ 12.2s  real__cosyvoice__v3-zeroshot-krfemale__kr-neutral.wav
  medium          cpu   0.020 ko(0.99)  8.13s/ 11.8s  real__chatterbox__default-cfg0__kr-neutral.wav
  medium          cpu   0.000 ko(0.99)  8.04s/ 11.7s  real__chatterbox__meloref__kr-neutral.wav
  medium          cpu   0.000 ko(0.99)  8.12s/ 12.8s  melotts__kr__kr.wav
  medium          cpu   0.000 ko(0.98)  8.28s/  9.7s  piper__ko_kr-kss-medium__kr.wav
  medium          cpu   0.000 en(0.99)  7.68s/  9.1s  real__cosyvoice__v2-crosslingual-krfemale__en.wav
  medium          cpu   0.000 en(0.98)  7.41s/ 10.8s  real__cosyvoice__v2-zeroshot-enfemale__en.wav
  medium          cpu   0.027 en(0.99) 10.84s/ 11.7s  kokoro__af_heart__en.wav
  medium          cpu   0.011 en(0.98)  7.92s/ 12.3s  kokoro__bm_george__en.wav
  medium          cpu   0.032 en(0.66)  7.69s/ 11.0s  melotts__en-india__en.wav
  medium          cpu   0.000 en(0.98)  7.72s/ 11.4s  melotts__en-us__en.wav
  medium          cpu   0.032 en(0.97)  7.71s/ 10.1s  piper__en_gb-cori-high__en.wav
  medium          cpu   0.000 en(0.98)  8.00s/ 10.1s  piper__en_gb-northern_english_male-medium__en.wav
SUMMARY {"model": "medium", "device": "cpu", "compute": "int8", "load_s": 3.49, "cer_ko_mean": 0.042, "cer_ko_median": 0.0508, "wrong_lang_ko": 0, "cer_en_mean": 0.0128, "cer_en_median": 0.0054, "wrong_lang_en": 0, "rtf_median": 0.683, "median_s_on_11-13s_clips": 8.12}
wrote bench_stt.json
  small           cpu   0.051 ko(0.99)  3.04s/ 17.2s  real__cosyvoice__v2-zeroshot-krfemale__kr-aegyo.wav
  small           cpu   0.085 ko(0.99)  3.09s/ 20.8s  real__cosyvoice__v2-crosslingual-krfemale__kr-aegyo.wav
  small           cpu   0.051 ko(0.99)  3.02s/ 16.7s  real__cosyvoice__v3-zeroshot-krfemale__kr-aegyo.wav
  small           cpu   0.102 ko(1.00)  2.98s/ 12.7s  real__chatterbox__meloref-ex0.5-cfg0.5__kr-aegyo.wav
  small           cpu   0.051 ko(0.99)  2.96s/ 17.3s  aegyo__1_style-only__kr.wav
  small           cpu   0.169 ko(0.98)  2.97s/ 15.7s  aegyo__3_cute__kr.wav
  small           cpu   0.186 ko(0.98)  3.02s/ 15.4s  aegyo__4_very-cute__kr.wav
  small           cpu   0.000 ko(1.00)  2.75s/ 13.3s  real__cosyvoice__v2-zeroshot-krfemale__kr-neutral.wav
  small           cpu   0.000 ko(1.00)  2.75s/ 12.2s  real__cosyvoice__v3-zeroshot-krfemale__kr-neutral.wav
  small           cpu   0.061 ko(0.99)  2.78s/ 11.8s  real__chatterbox__default-cfg0__kr-neutral.wav
  small           cpu   0.000 ko(1.00)  2.72s/ 11.7s  real__chatterbox__meloref__kr-neutral.wav
  small           cpu   0.000 ko(0.99)  2.76s/ 12.8s  melotts__kr__kr.wav
  small           cpu   0.102 ko(1.00)  2.81s/  9.7s  piper__ko_kr-kss-medium__kr.wav
  small           cpu   0.000 en(1.00)  2.65s/  9.1s  real__cosyvoice__v2-crosslingual-krfemale__en.wav
  small           cpu   0.013 en(1.00)  2.65s/ 10.8s  real__cosyvoice__v2-zeroshot-enfemale__en.wav
  small           cpu   0.016 en(1.00)  2.73s/ 11.7s  kokoro__af_heart__en.wav
  small           cpu   0.000 en(0.99)  2.76s/ 12.3s  kokoro__bm_george__en.wav
  small           cpu   0.038 en(0.98)  2.66s/ 11.0s  melotts__en-india__en.wav
  small           cpu   0.000 en(0.99)  2.77s/ 11.4s  melotts__en-us__en.wav
  small           cpu   0.011 en(0.99)  2.73s/ 10.1s  piper__en_gb-cori-high__en.wav
  small           cpu   0.000 en(0.99)  2.73s/ 10.1s  piper__en_gb-northern_english_male-medium__en.wav
SUMMARY {"model": "small", "device": "cpu", "compute": "int8", "load_s": 1.13, "cer_ko_mean": 0.066, "cer_ko_median": 0.0508, "wrong_lang_ko": 0, "cer_en_mean": 0.0097, "cer_en_median": 0.0054, "wrong_lang_en": 0, "rtf_median": 0.232, "median_s_on_11-13s_clips": 2.75}
  medium          cpu   0.068 ko(1.00)  8.64s/ 17.2s  real__cosyvoice__v2-zeroshot-krfemale__kr-aegyo.wav
  medium          cpu   0.085 ko(0.99)  8.38s/ 20.8s  real__cosyvoice__v2-crosslingual-krfemale__kr-aegyo.wav
  medium          cpu   0.051 ko(1.00)  9.01s/ 16.7s  real__cosyvoice__v3-zeroshot-krfemale__kr-aegyo.wav
  medium          cpu   0.051 ko(0.99)  8.85s/ 12.7s  real__chatterbox__meloref-ex0.5-cfg0.5__kr-aegyo.wav
  medium          cpu   0.068 ko(0.99)  8.76s/ 17.3s  aegyo__1_style-only__kr.wav
  medium          cpu   0.068 ko(0.96) 11.81s/ 15.7s  aegyo__3_cute__kr.wav
  medium          cpu   0.136 ko(0.97)  8.98s/ 15.4s  aegyo__4_very-cute__kr.wav
  medium          cpu   0.000 ko(1.00)  8.02s/ 13.3s  real__cosyvoice__v2-zeroshot-krfemale__kr-neutral.wav
  medium          cpu   0.000 ko(1.00)  7.73s/ 12.2s  real__cosyvoice__v3-zeroshot-krfemale__kr-neutral.wav
  medium          cpu   0.020 ko(0.99)  7.42s/ 11.8s  real__chatterbox__default-cfg0__kr-neutral.wav
  medium          cpu   0.000 ko(0.99)  7.53s/ 11.7s  real__chatterbox__meloref__kr-neutral.wav
  medium          cpu   0.000 ko(0.99)  7.58s/ 12.8s  melotts__kr__kr.wav
  medium          cpu   0.000 ko(0.98)  7.84s/  9.7s  piper__ko_kr-kss-medium__kr.wav
  medium          cpu   0.000 en(0.99)  7.53s/  9.1s  real__cosyvoice__v2-crosslingual-krfemale__en.wav
  medium          cpu   0.000 en(0.98)  7.40s/ 10.8s  real__cosyvoice__v2-zeroshot-enfemale__en.wav
  medium          cpu   0.027 en(0.99) 10.74s/ 11.7s  kokoro__af_heart__en.wav
  medium          cpu   0.011 en(0.98)  7.57s/ 12.3s  kokoro__bm_george__en.wav
  medium          cpu   0.032 en(0.66)  7.44s/ 11.0s  melotts__en-india__en.wav
  medium          cpu   0.000 en(0.98)  8.01s/ 11.4s  melotts__en-us__en.wav
  medium          cpu   0.032 en(0.97)  7.51s/ 10.1s  piper__en_gb-cori-high__en.wav
  medium          cpu   0.000 en(0.98)  7.83s/ 10.1s  piper__en_gb-northern_english_male-medium__en.wav
SUMMARY {"model": "medium", "device": "cpu", "compute": "int8", "load_s": 2.97, "cer_ko_mean": 0.042, "cer_ko_median": 0.0508, "wrong_lang_ko": 0, "cer_en_mean": 0.0128, "cer_en_median": 0.0054, "wrong_lang_en": 0, "rtf_median": 0.642, "median_s_on_11-13s_clips": 7.58}
