VRAM free 6.87 GB / 7.93 GB
device: cuda
python.exe : C:\Hangeul\JARVIS\voice-trials\chatterbox\.venv\Lib\site-packages\diffusers\models\lora.py:393: 
FutureWarning: `LoRACompatibleLinear` is deprecated and will be removed in version 1.0.0. Use of 
`LoRACompatibleLinear` is deprecated. Please switch to PEFT backend by installing PEFT: `pip install peft`.
At line:1 char:358
+ ... NG='utf-8'; & C:\Hangeul\JARVIS\voice-trials\chatterbox\.venv\Scripts ...
+                 ~~~~~~~~~~~~~~~~~~~~~~~~~~~~~~~~~~~~~~~~~~~~~~~~~~~~~~~~~
    + CategoryInfo          : NotSpecified: (C:\Hangeul\JARV... install peft`.:String) [], RemoteException
    + FullyQualifiedErrorId : NativeCommandError
 
  deprecate("LoRACompatibleLinear", "1.0.0", deprecation_message)
WARNING:chatterbox.models.tokenizers.tokenizer:Could not load Cangjie mapping: An error happened while trying to 
locate the file on the Hub and we cannot find the requested files in the local cache. Please check your connection and 
try again or make sure your Internet connection is on.
Downloading: "https://github.com/explosion/spacy-pkuseg/releases/download/v0.0.26/spacy_ontonotes.zip" to 
C:\Users\User/.pkuseg\spacy_ontonotes.zip

  0%|          | 0/34567143 [00:00<?, ?it/s]
  1%|          | 303104/34567143 [00:00<00:11, 2986189.18it/s]
  3%|▎         | 991232/34567143 [00:00<00:06, 5217789.66it/s]
  4%|▍         | 1548288/34567143 [00:00<00:06, 5377092.86it/s]
  6%|▌         | 2121728/34567143 [00:00<00:05, 5495833.28it/s]
  8%|▊         | 2678784/34567143 [00:00<00:06, 5034184.45it/s]
  9%|▉         | 3194880/34567143 [00:00<00:06, 4486667.38it/s]
 11%|█         | 3661824/34567143 [00:00<00:06, 4442052.94it/s]
 12%|█▏        | 4136960/34567143 [00:00<00:06, 4526652.01it/s]
 13%|█▎        | 4612096/34567143 [00:00<00:06, 4544405.08it/s]
 15%|█▍        | 5079040/34567143 [00:01<00:06, 4575796.99it/s]
 16%|█▌        | 5545984/34567143 [00:01<00:06, 4428338.27it/s]
 17%|█▋        | 6037504/34567143 [00:01<00:06, 4530088.81it/s]
 19%|█▉        | 6610944/34567143 [00:01<00:05, 4873115.85it/s]
 21%|██        | 7282688/34567143 [00:01<00:05, 5378910.59it/s]
 23%|██▎       | 7938048/34567143 [00:01<00:04, 5705910.96it/s]
 25%|██▍       | 8519680/34567143 [00:01<00:05, 5102295.74it/s]
 26%|██▌       | 9043968/34567143 [00:01<00:05, 5029045.27it/s]
 28%|██▊       | 9560064/34567143 [00:01<00:05, 4739634.96it/s]
 29%|██▉       | 10043392/34567143 [00:02<00:05, 4665245.63it/s]
 30%|███       | 10518528/34567143 [00:02<00:05, 4456387.47it/s]
 32%|███▏      | 10969088/34567143 [00:02<00:05, 4293333.26it/s]
 33%|███▎      | 11403264/34567143 [00:02<00:05, 4190664.97it/s]
 34%|███▍      | 11829248/34567143 [00:02<00:05, 3918274.19it/s]
 35%|███▌      | 12230656/34567143 [00:02<00:05, 3786403.07it/s]
 36%|███▋      | 12615680/34567143 [00:02<00:06, 3634848.83it/s]
 38%|███▊      | 12984320/34567143 [00:02<00:06, 3561029.87it/s]
 39%|███▊      | 13344768/34567143 [00:03<00:06, 3526976.27it/s]
 40%|███▉      | 13705216/34567143 [00:03<00:06, 3461265.01it/s]
 41%|████      | 14139392/34567143 [00:03<00:05, 3677932.28it/s]
 42%|████▏     | 14516224/34567143 [00:03<00:05, 3652727.91it/s]
 43%|████▎     | 14942208/34567143 [00:03<00:05, 3797225.23it/s]
 45%|████▍     | 15482880/34567143 [00:03<00:04, 4183635.82it/s]
 46%|████▋     | 16007168/34567143 [00:03<00:04, 4482414.84it/s]
 48%|████▊     | 16678912/34567143 [00:03<00:03, 5127955.69it/s]
 50%|█████     | 17448960/34567143 [00:03<00:02, 5877683.39it/s]
 52%|█████▏    | 18046976/34567143 [00:03<00:02, 5622242.79it/s]
 54%|█████▍    | 18620416/34567143 [00:04<00:03, 5200833.55it/s]
 55%|█████▌    | 19152896/34567143 [00:04<00:03, 4733484.88it/s]
 57%|█████▋    | 19644416/34567143 [00:04<00:03, 4213434.21it/s]
 58%|█████▊    | 20152320/34567143 [00:04<00:03, 4383293.34it/s]
 60%|█████▉    | 20611072/34567143 [00:04<00:03, 4298737.83it/s]
 61%|██████    | 21053440/34567143 [00:04<00:03, 4096291.02it/s]
 62%|██████▏   | 21495808/34567143 [00:04<00:03, 4149560.72it/s]
 64%|██████▎   | 22036480/34567143 [00:04<00:02, 4486678.15it/s]
 65%|██████▌   | 22544384/34567143 [00:05<00:02, 4625860.66it/s]
 67%|██████▋   | 23019520/34567143 [00:05<00:02, 4590544.76it/s]
 68%|██████▊   | 23560192/34567143 [00:05<00:02, 4822141.55it/s]
 70%|██████▉   | 24051712/34567143 [00:05<00:02, 4791964.80it/s]
 71%|███████   | 24543232/34567143 [00:05<00:02, 4789612.46it/s]
 72%|███████▏  | 25051136/34567143 [00:05<00:01, 4839705.19it/s]
 74%|███████▍  | 25542656/34567143 [00:05<00:02, 4392566.97it/s]
 75%|███████▌  | 25993216/34567143 [00:05<00:02, 4279411.44it/s]
 77%|███████▋  | 26492928/34567143 [00:05<00:01, 4441925.42it/s]
 78%|███████▊  | 27082752/34567143 [00:05<00:01, 4680388.01it/s]
 80%|███████▉  | 27557888/34567143 [00:06<00:01, 4500754.70it/s]
 81%|████████  | 28016640/34567143 [00:06<00:01, 4360236.61it/s]
 82%|████████▏ | 28459008/34567143 [00:06<00:01, 3805294.97it/s]
 83%|████████▎ | 28852224/34567143 [00:06<00:01, 3652657.82it/s]
 85%|████████▍ | 29294592/34567143 [00:06<00:01, 3836737.18it/s]
 86%|████████▋ | 29818880/34567143 [00:06<00:01, 4193428.01it/s]
 88%|████████▊ | 30375936/34567143 [00:06<00:00, 4561360.86it/s]
 89%|████████▉ | 30842880/34567143 [00:06<00:00, 4517979.56it/s]
 91%|█████████ | 31301632/34567143 [00:07<00:00, 4236119.39it/s]
 92%|█████████▏| 31784960/34567143 [00:07<00:00, 4370217.86it/s]
 94%|█████████▎| 32358400/34567143 [00:07<00:00, 4730671.14it/s]
 95%|█████████▌| 32997376/34567143 [00:07<00:00, 5173575.01it/s]
 98%|█████████▊| 33734656/34567143 [00:07<00:00, 5800152.97it/s]
100%|██████████| 34567143/34567143 [00:07<00:00, 4584753.56it/s]
loaded PerthNet (Implicit) at step 250,000
model loaded in 19.5 s ({'t3_model': 'v3'})  sr=24000
C:\Users\User\AppData\Local\Programs\Python\Python312\Lib\contextlib.py:105: FutureWarning: 
`torch.backends.cuda.sdp_kernel()` is deprecated. In the future, this context manager will be removed. Please see 
`torch.nn.attention.sdpa_kernel()` for the new context manager, with updated signature.
  self.gen = func(*args, **kwds)

Sampling:   0%|          | 0/1000 [00:00<?, ?it/s]
Sampling:   0%|          | 1/1000 [00:00<06:30,  2.56it/s]
Sampling:   1%|          | 6/1000 [00:00<01:05, 15.12it/s]
Sampling:   1%|▏         | 13/1000 [00:00<00:33, 29.53it/s]
Sampling:   2%|▏         | 20/1000 [00:00<00:24, 39.97it/s]
Sampling:   3%|▎         | 27/1000 [00:00<00:20, 47.61it/s]
Sampling:   3%|▎         | 34/1000 [00:00<00:18, 52.41it/s]
Sampling:   4%|▍         | 41/1000 [00:01<00:17, 55.75it/s]
Sampling:   5%|▍         | 48/1000 [00:01<00:16, 58.36it/s]
Sampling:   6%|▌         | 55/1000 [00:01<00:15, 60.36it/s]
Sampling:   6%|▌         | 62/1000 [00:01<00:15, 61.96it/s]
Sampling:   7%|▋         | 69/1000 [00:01<00:14, 62.45it/s]
Sampling:   8%|▊         | 76/1000 [00:01<00:14, 63.45it/s]
Sampling:   8%|▊         | 83/1000 [00:01<00:14, 61.75it/s]
Sampling:   9%|▉         | 90/1000 [00:01<00:14, 62.06it/s]
Sampling:  10%|▉         | 97/1000 [00:01<00:14, 62.93it/s]
Sampling:  10%|█         | 104/1000 [00:02<00:14, 63.26it/s]
Sampling:  11%|█         | 111/1000 [00:02<00:14, 63.24it/s]
Sampling:  12%|█▏        | 118/1000 [00:02<00:13, 63.22it/s]
Sampling:  12%|█▎        | 125/1000 [00:02<00:13, 64.17it/s]
Sampling:  13%|█▎        | 132/1000 [00:02<00:13, 64.76it/s]
Sampling:  14%|█▍        | 139/1000 [00:02<00:13, 64.73it/s]
Sampling:  15%|█▍        | 146/1000 [00:02<00:13, 65.06it/s]
Sampling:  15%|█▌        | 153/1000 [00:02<00:13, 63.96it/s]
Sampling:  16%|█▌        | 160/1000 [00:02<00:13, 63.29it/s]
Sampling:  17%|█▋        | 167/1000 [00:03<00:13, 63.64it/s]
Sampling:  17%|█▋        | 174/1000 [00:03<00:12, 64.20it/s]
Sampling:  18%|█▊        | 181/1000 [00:03<00:12, 64.51it/s]
Sampling:  19%|█▉        | 188/1000 [00:03<00:12, 63.15it/s]
Sampling:  19%|█▉        | 189/1000 [00:03<00:14, 56.34it/s]
{"file": "C:\\Hangeul\\JARVIS\\voice-samples\\real__chatterbox__default__en.wav", "voice": "default", "kind": "en", "lang": "en", "exaggeration": 0.5, "cfg_weight": 0.5, "device": "cuda", "synth_s": 20.67, "duration_s": 7.52, "rtf": 2.749}
C:\Users\User\AppData\Local\Programs\Python\Python312\Lib\contextlib.py:105: FutureWarning: 
`torch.backends.cuda.sdp_kernel()` is deprecated. In the future, this context manager will be removed. Please see 
`torch.nn.attention.sdpa_kernel()` for the new context manager, with updated signature.
  self.gen = func(*args, **kwds)

Sampling:   0%|          | 0/1000 [00:00<?, ?it/s]
Sampling:   0%|          | 4/1000 [00:00<00:28, 35.00it/s]
Sampling:   1%|          | 10/1000 [00:00<00:20, 48.82it/s]
Sampling:   2%|▏         | 17/1000 [00:00<00:17, 55.65it/s]
Sampling:   2%|▏         | 24/1000 [00:00<00:16, 59.09it/s]
Sampling:   3%|▎         | 31/1000 [00:00<00:15, 61.70it/s]
Sampling:   4%|▍         | 38/1000 [00:00<00:15, 62.22it/s]
Sampling:   4%|▍         | 45/1000 [00:00<00:15, 62.56it/s]
Sampling:   5%|▌         | 52/1000 [00:00<00:14, 63.50it/s]
Sampling:   6%|▌         | 59/1000 [00:00<00:14, 63.58it/s]
Sampling:   7%|▋         | 66/1000 [00:01<00:14, 64.32it/s]
Sampling:   7%|▋         | 73/1000 [00:01<00:14, 64.77it/s]
Sampling:   8%|▊         | 80/1000 [00:01<00:14, 63.66it/s]
Sampling:   9%|▊         | 87/1000 [00:01<00:14, 62.56it/s]
Sampling:   9%|▉         | 94/1000 [00:01<00:14, 62.83it/s]
Sampling:  10%|█         | 101/1000 [00:01<00:14, 63.72it/s]
Sampling:  11%|█         | 108/1000 [00:01<00:13, 63.91it/s]
Sampling:  12%|█▏        | 115/1000 [00:01<00:14, 62.91it/s]
Sampling:  12%|█▏        | 122/1000 [00:01<00:14, 62.22it/s]
Sampling:  13%|█▎        | 129/1000 [00:02<00:14, 61.84it/s]
Sampling:  14%|█▎        | 136/1000 [00:02<00:13, 61.75it/s]
Sampling:  14%|█▍        | 143/1000 [00:02<00:13, 62.09it/s]
Sampling:  15%|█▌        | 150/1000 [00:02<00:13, 62.33it/s]
Sampling:  16%|█▌        | 157/1000 [00:02<00:13, 61.99it/s]
Sampling:  16%|█▋        | 164/1000 [00:02<00:13, 62.51it/s]
Sampling:  17%|█▋        | 171/1000 [00:02<00:13, 62.51it/s]
Sampling:  18%|█▊        | 178/1000 [00:02<00:13, 62.59it/s]
Sampling:  18%|█▊        | 185/1000 [00:02<00:12, 62.75it/s]
Sampling:  19%|█▉        | 192/1000 [00:03<00:12, 62.56it/s]
Sampling:  20%|█▉        | 199/1000 [00:03<00:12, 62.80it/s]
Sampling:  21%|██        | 206/1000 [00:03<00:12, 62.49it/s]
Sampling:  21%|██        | 208/1000 [00:03<00:12, 61.96it/s]
{"file": "C:\\Hangeul\\JARVIS\\voice-samples\\real__chatterbox__default__kr-neutral.wav", "voice": "default", "kind": "kr-neutral", "lang": "ko", "exaggeration": 0.5, "cfg_weight": 0.5, "device": "cuda", "synth_s": 4.27, "duration_s": 8.28, "rtf": 0.515}

Sampling:   0%|          | 0/1000 [00:00<?, ?it/s]
Sampling:   0%|          | 3/1000 [00:00<00:35, 28.25it/s]
Sampling:   1%|          | 9/1000 [00:00<00:21, 46.13it/s]
Sampling:   2%|▏         | 16/1000 [00:00<00:17, 55.15it/s]
Sampling:   2%|▏         | 23/1000 [00:00<00:16, 59.02it/s]
Sampling:   3%|▎         | 30/1000 [00:00<00:15, 61.38it/s]
Sampling:   4%|▎         | 37/1000 [00:00<00:15, 62.70it/s]
Sampling:   4%|▍         | 44/1000 [00:00<00:15, 63.25it/s]
Sampling:   5%|▌         | 51/1000 [00:00<00:15, 62.77it/s]
Sampling:   6%|▌         | 58/1000 [00:00<00:14, 62.99it/s]
Sampling:   6%|▋         | 65/1000 [00:01<00:14, 63.95it/s]
Sampling:   7%|▋         | 72/1000 [00:01<00:14, 63.43it/s]
Sampling:   8%|▊         | 79/1000 [00:01<00:14, 63.89it/s]
Sampling:   9%|▊         | 86/1000 [00:01<00:14, 63.88it/s]
Sampling:   9%|▉         | 93/1000 [00:01<00:14, 64.11it/s]
Sampling:  10%|█         | 100/1000 [00:01<00:13, 64.30it/s]
Sampling:  11%|█         | 107/1000 [00:01<00:13, 64.76it/s]
Sampling:  11%|█▏        | 114/1000 [00:01<00:13, 64.58it/s]
Sampling:  12%|█▏        | 121/1000 [00:01<00:13, 64.24it/s]
Sampling:  13%|█▎        | 128/1000 [00:02<00:13, 62.63it/s]
Sampling:  14%|█▎        | 135/1000 [00:02<00:13, 62.46it/s]
Sampling:  14%|█▍        | 142/1000 [00:02<00:13, 63.10it/s]
Sampling:  15%|█▍        | 149/1000 [00:02<00:13, 62.86it/s]
Sampling:  16%|█▌        | 156/1000 [00:02<00:13, 62.93it/s]
Sampling:  16%|█▋        | 163/1000 [00:02<00:13, 62.41it/s]
Sampling:  17%|█▋        | 170/1000 [00:02<00:13, 62.80it/s]
Sampling:  18%|█▊        | 177/1000 [00:02<00:12, 63.34it/s]
Sampling:  18%|█▊        | 184/1000 [00:02<00:12, 63.47it/s]
Sampling:  19%|█▉        | 191/1000 [00:03<00:12, 62.28it/s]
Sampling:  20%|█▉        | 198/1000 [00:03<00:13, 60.83it/s]
Sampling:  20%|██        | 205/1000 [00:03<00:12, 61.59it/s]
Sampling:  21%|██        | 212/1000 [00:03<00:12, 62.14it/s]
Sampling:  22%|██▏       | 219/1000 [00:03<00:12, 62.63it/s]
Sampling:  23%|██▎       | 226/1000 [00:03<00:12, 62.63it/s]
Sampling:  23%|██▎       | 228/1000 [00:03<00:12, 62.15it/s]
{"file": "C:\\Hangeul\\JARVIS\\voice-samples\\real__chatterbox__default-ex0.5-cfg0.5__kr-aegyo.wav", "voice": "default", "kind": "kr-aegyo", "lang": "ko", "exaggeration": 0.5, "cfg_weight": 0.5, "device": "cuda", "synth_s": 4.61, "duration_s": 9.08, "rtf": 0.507}

Sampling:   0%|          | 0/1000 [00:00<?, ?it/s]
Sampling:   0%|          | 3/1000 [00:00<00:34, 29.05it/s]
Sampling:   1%|          | 9/1000 [00:00<00:21, 46.67it/s]
Sampling:   2%|▏         | 16/1000 [00:00<00:17, 56.11it/s]
Sampling:   2%|▏         | 23/1000 [00:00<00:16, 58.37it/s]
Sampling:   3%|▎         | 30/1000 [00:00<00:15, 61.36it/s]
Sampling:   4%|▎         | 37/1000 [00:00<00:15, 61.05it/s]
Sampling:   4%|▍         | 44/1000 [00:00<00:15, 62.69it/s]
Sampling:   5%|▌         | 51/1000 [00:00<00:15, 63.22it/s]
Sampling:   6%|▌         | 58/1000 [00:00<00:14, 63.12it/s]
Sampling:   6%|▋         | 65/1000 [00:01<00:14, 63.40it/s]
Sampling:   7%|▋         | 72/1000 [00:01<00:14, 62.46it/s]
Sampling:   8%|▊         | 79/1000 [00:01<00:14, 63.64it/s]
Sampling:   9%|▊         | 86/1000 [00:01<00:14, 63.14it/s]
Sampling:   9%|▉         | 93/1000 [00:01<00:14, 63.32it/s]
Sampling:  10%|█         | 100/1000 [00:01<00:14, 62.94it/s]
Sampling:  11%|█         | 107/1000 [00:01<00:14, 63.62it/s]
Sampling:  11%|█▏        | 114/1000 [00:01<00:14, 63.11it/s]
Sampling:  12%|█▏        | 121/1000 [00:01<00:14, 62.71it/s]
Sampling:  13%|█▎        | 128/1000 [00:02<00:13, 62.43it/s]
Sampling:  14%|█▎        | 135/1000 [00:02<00:13, 62.07it/s]
Sampling:  14%|█▍        | 142/1000 [00:02<00:13, 62.51it/s]
Sampling:  15%|█▍        | 149/1000 [00:02<00:13, 62.54it/s]
Sampling:  16%|█▌        | 156/1000 [00:02<00:13, 61.04it/s]
Sampling:  16%|█▋        | 163/1000 [00:02<00:13, 61.68it/s]
Sampling:  17%|█▋        | 170/1000 [00:02<00:13, 62.04it/s]
Sampling:  18%|█▊        | 177/1000 [00:02<00:13, 61.54it/s]
Sampling:  18%|█▊        | 184/1000 [00:02<00:13, 61.78it/s]
Sampling:  19%|█▉        | 191/1000 [00:03<00:13, 61.78it/s]
Sampling:  20%|█▉        | 198/1000 [00:03<00:12, 62.53it/s]
Sampling:  20%|██        | 205/1000 [00:03<00:12, 62.04it/s]
Sampling:  21%|██        | 212/1000 [00:03<00:12, 61.47it/s]
Sampling:  22%|██▏       | 219/1000 [00:03<00:12, 61.64it/s]
Sampling:  23%|██▎       | 226/1000 [00:03<00:12, 62.08it/s]
Sampling:  23%|██▎       | 233/1000 [00:03<00:12, 62.53it/s]
Sampling:  24%|██▍       | 240/1000 [00:03<00:12, 62.36it/s]
Sampling:  25%|██▍       | 247/1000 [00:04<00:12, 61.85it/s]
Sampling:  25%|██▍       | 248/1000 [00:04<00:12, 61.62it/s]
{"file": "C:\\Hangeul\\JARVIS\\voice-samples\\real__chatterbox__default-ex0.8-cfg0.3__kr-aegyo.wav", "voice": "default", "kind": "kr-aegyo", "lang": "ko", "exaggeration": 0.8, "cfg_weight": 0.3, "device": "cuda", "synth_s": 4.97, "duration_s": 9.88, "rtf": 0.503}

Sampling:   0%|          | 0/1000 [00:00<?, ?it/s]
Sampling:   0%|          | 2/1000 [00:00<00:50, 19.64it/s]
Sampling:   1%|          | 9/1000 [00:00<00:22, 44.78it/s]
Sampling:   2%|▏         | 16/1000 [00:00<00:18, 54.05it/s]
Sampling:   2%|▏         | 23/1000 [00:00<00:17, 57.18it/s]
Sampling:   3%|▎         | 30/1000 [00:00<00:16, 59.42it/s]
Sampling:   4%|▎         | 36/1000 [00:00<00:16, 58.80it/s]
Sampling:   4%|▍         | 42/1000 [00:00<00:16, 58.43it/s]
Sampling:   5%|▍         | 48/1000 [00:00<00:16, 57.81it/s]
Sampling:   5%|▌         | 54/1000 [00:00<00:16, 57.39it/s]
Sampling:   6%|▌         | 60/1000 [00:01<00:16, 57.43it/s]
Sampling:   7%|▋         | 66/1000 [00:01<00:16, 56.16it/s]
Sampling:   7%|▋         | 72/1000 [00:01<00:17, 53.92it/s]
Sampling:   8%|▊         | 78/1000 [00:01<00:17, 53.19it/s]
Sampling:   8%|▊         | 84/1000 [00:01<00:16, 54.46it/s]
Sampling:   9%|▉         | 91/1000 [00:01<00:15, 57.73it/s]
Sampling:  10%|▉         | 98/1000 [00:01<00:15, 59.14it/s]
Sampling:  10%|█         | 104/1000 [00:01<00:15, 58.84it/s]
Sampling:  11%|█         | 111/1000 [00:01<00:14, 60.42it/s]
Sampling:  12%|█▏        | 118/1000 [00:02<00:14, 59.92it/s]
Sampling:  12%|█▎        | 125/1000 [00:02<00:14, 59.85it/s]
Sampling:  13%|█▎        | 132/1000 [00:02<00:14, 60.15it/s]
Sampling:  14%|█▍        | 139/1000 [00:02<00:14, 61.24it/s]
Sampling:  15%|█▍        | 146/1000 [00:02<00:14, 60.22it/s]
Sampling:  15%|█▌        | 153/1000 [00:02<00:13, 61.09it/s]
Sampling:  16%|█▌        | 160/1000 [00:02<00:13, 62.45it/s]
Sampling:  17%|█▋        | 167/1000 [00:02<00:13, 63.79it/s]
Sampling:  17%|█▋        | 174/1000 [00:02<00:12, 64.22it/s]
Sampling:  18%|█▊        | 181/1000 [00:03<00:12, 63.59it/s]
Sampling:  19%|█▉        | 188/1000 [00:03<00:12, 63.20it/s]
Sampling:  20%|█▉        | 195/1000 [00:03<00:12, 62.99it/s]
Sampling:  20%|██        | 202/1000 [00:03<00:12, 62.96it/s]
Sampling:  21%|██        | 209/1000 [00:03<00:12, 62.82it/s]
Sampling:  22%|██▏       | 216/1000 [00:03<00:12, 63.01it/s]
Sampling:  22%|██▏       | 223/1000 [00:03<00:12, 62.28it/s]
Sampling:  23%|██▎       | 230/1000 [00:03<00:12, 62.93it/s]
Sampling:  24%|██▎       | 237/1000 [00:03<00:12, 62.48it/s]
Sampling:  24%|██▍       | 244/1000 [00:04<00:12, 62.60it/s]
Sampling:  25%|██▌       | 251/1000 [00:04<00:11, 63.01it/s]
Sampling:  26%|██▌       | 258/1000 [00:04<00:11, 62.56it/s]
Sampling:  26%|██▋       | 265/1000 [00:04<00:11, 62.17it/s]
Sampling:  27%|██▋       | 272/1000 [00:04<00:11, 61.81it/s]
Sampling:  27%|██▋       | 274/1000 [00:04<00:12, 59.87it/s]
{"file": "C:\\Hangeul\\JARVIS\\voice-samples\\real__chatterbox__default-ex1.1-cfg0.2__kr-aegyo.wav", "voice": "default", "kind": "kr-aegyo", "lang": "ko", "exaggeration": 1.1, "cfg_weight": 0.2, "device": "cuda", "synth_s": 5.64, "duration_s": 10.92, "rtf": 0.516}
WARNING:root:Reference mel length is not equal to 2 * reference token length.

C:\Users\User\AppData\Local\Programs\Python\Python312\Lib\contextlib.py:105: FutureWarning: 
`torch.backends.cuda.sdp_kernel()` is deprecated. In the future, this context manager will be removed. Please see 
`torch.nn.attention.sdpa_kernel()` for the new context manager, with updated signature.
  self.gen = func(*args, **kwds)

Sampling:   0%|          | 0/1000 [00:00<?, ?it/s]
Sampling:   0%|          | 4/1000 [00:00<00:25, 38.90it/s]
Sampling:   1%|          | 11/1000 [00:00<00:17, 56.24it/s]
Sampling:   2%|▏         | 18/1000 [00:00<00:16, 60.99it/s]
Sampling:   2%|▎         | 25/1000 [00:00<00:15, 64.08it/s]
Sampling:   3%|▎         | 32/1000 [00:00<00:14, 65.49it/s]
Sampling:   4%|▍         | 39/1000 [00:00<00:14, 65.31it/s]
Sampling:   5%|▍         | 46/1000 [00:00<00:14, 64.73it/s]
Sampling:   5%|▌         | 53/1000 [00:00<00:14, 65.09it/s]
Sampling:   6%|▌         | 60/1000 [00:00<00:14, 63.64it/s]
Sampling:   7%|▋         | 67/1000 [00:01<00:14, 63.55it/s]
Sampling:   7%|▋         | 74/1000 [00:01<00:14, 64.14it/s]
Sampling:   8%|▊         | 81/1000 [00:01<00:14, 64.66it/s]
Sampling:   9%|▉         | 88/1000 [00:01<00:14, 64.93it/s]
Sampling:  10%|▉         | 95/1000 [00:01<00:13, 65.70it/s]
Sampling:  10%|█         | 102/1000 [00:01<00:13, 65.22it/s]
Sampling:  11%|█         | 109/1000 [00:01<00:13, 65.76it/s]
Sampling:  12%|█▏        | 116/1000 [00:01<00:13, 65.51it/s]
Sampling:  12%|█▏        | 123/1000 [00:01<00:13, 66.08it/s]
Sampling:  13%|█▎        | 130/1000 [00:02<00:13, 64.98it/s]
Sampling:  14%|█▎        | 137/1000 [00:02<00:13, 65.06it/s]
Sampling:  14%|█▍        | 144/1000 [00:02<00:13, 64.65it/s]
Sampling:  15%|█▌        | 151/1000 [00:02<00:13, 64.01it/s]
Sampling:  16%|█▌        | 158/1000 [00:02<00:12, 64.92it/s]
Sampling:  16%|█▋        | 165/1000 [00:02<00:12, 64.38it/s]
Sampling:  17%|█▋        | 172/1000 [00:02<00:13, 62.20it/s]
Sampling:  18%|█▊        | 179/1000 [00:02<00:13, 62.49it/s]
Sampling:  19%|█▊        | 186/1000 [00:02<00:12, 62.90it/s]
Sampling:  19%|█▉        | 193/1000 [00:03<00:12, 63.07it/s]
Sampling:  20%|██        | 200/1000 [00:03<00:12, 63.27it/s]
Sampling:  21%|██        | 207/1000 [00:03<00:12, 63.35it/s]
Sampling:  21%|██▏       | 214/1000 [00:03<00:12, 63.38it/s]
Sampling:  22%|██▏       | 221/1000 [00:03<00:12, 63.41it/s]
Sampling:  23%|██▎       | 228/1000 [00:03<00:12, 62.46it/s]
Sampling:  24%|██▎       | 235/1000 [00:03<00:12, 61.57it/s]
Sampling:  24%|██▍       | 242/1000 [00:03<00:12, 61.36it/s]
Sampling:  25%|██▍       | 249/1000 [00:03<00:12, 61.57it/s]
Sampling:  26%|██▌       | 256/1000 [00:04<00:12, 61.15it/s]
Sampling:  26%|██▌       | 261/1000 [00:04<00:11, 63.27it/s]
{"file": "C:\\Hangeul\\JARVIS\\voice-samples\\real__chatterbox__meloref__en.wav", "voice": "meloref", "kind": "en", "lang": "en", "exaggeration": 0.5, "cfg_weight": 0.5, "device": "cuda", "synth_s": 6.22, "duration_s": 10.4, "rtf": 0.598}
WARNING:root:Reference mel length is not equal to 2 * reference token length.


Sampling:   0%|          | 0/1000 [00:00<?, ?it/s]
Sampling:   0%|          | 4/1000 [00:00<00:27, 36.53it/s]
Sampling:   1%|          | 11/1000 [00:00<00:18, 53.42it/s]
Sampling:   2%|▏         | 18/1000 [00:00<00:16, 58.19it/s]
Sampling:   2%|▎         | 25/1000 [00:00<00:15, 61.76it/s]
Sampling:   3%|▎         | 32/1000 [00:00<00:15, 63.45it/s]
Sampling:   4%|▍         | 39/1000 [00:00<00:15, 64.06it/s]
Sampling:   5%|▍         | 46/1000 [00:00<00:14, 64.26it/s]
Sampling:   5%|▌         | 53/1000 [00:00<00:14, 64.86it/s]
Sampling:   6%|▌         | 60/1000 [00:00<00:14, 65.22it/s]
Sampling:   7%|▋         | 67/1000 [00:01<00:14, 66.00it/s]
Sampling:   7%|▋         | 74/1000 [00:01<00:14, 65.63it/s]
Sampling:   8%|▊         | 81/1000 [00:01<00:14, 65.22it/s]
Sampling:   9%|▉         | 88/1000 [00:01<00:14, 64.68it/s]
Sampling:  10%|▉         | 95/1000 [00:01<00:13, 64.67it/s]
Sampling:  10%|█         | 102/1000 [00:01<00:13, 64.63it/s]
Sampling:  11%|█         | 109/1000 [00:01<00:13, 64.38it/s]
Sampling:  12%|█▏        | 116/1000 [00:01<00:13, 64.88it/s]
Sampling:  12%|█▏        | 123/1000 [00:01<00:13, 64.99it/s]
Sampling:  13%|█▎        | 130/1000 [00:02<00:13, 64.71it/s]
Sampling:  14%|█▎        | 137/1000 [00:02<00:13, 64.68it/s]
Sampling:  14%|█▍        | 144/1000 [00:02<00:13, 62.82it/s]
Sampling:  15%|█▌        | 151/1000 [00:02<00:13, 63.53it/s]
Sampling:  16%|█▌        | 158/1000 [00:02<00:13, 62.16it/s]
Sampling:  16%|█▋        | 165/1000 [00:02<00:13, 61.62it/s]
Sampling:  17%|█▋        | 172/1000 [00:02<00:13, 62.06it/s]
Sampling:  18%|█▊        | 179/1000 [00:02<00:13, 62.31it/s]
Sampling:  19%|█▊        | 186/1000 [00:02<00:12, 62.99it/s]
Sampling:  19%|█▉        | 193/1000 [00:03<00:12, 63.65it/s]
Sampling:  20%|██        | 200/1000 [00:03<00:12, 63.77it/s]
Sampling:  21%|██        | 207/1000 [00:03<00:12, 63.43it/s]
Sampling:  21%|██▏       | 214/1000 [00:03<00:12, 63.27it/s]
Sampling:  22%|██▏       | 221/1000 [00:03<00:12, 63.16it/s]
Sampling:  23%|██▎       | 228/1000 [00:03<00:12, 63.06it/s]
Sampling:  24%|██▎       | 235/1000 [00:03<00:12, 63.18it/s]
Sampling:  24%|██▍       | 242/1000 [00:03<00:12, 63.10it/s]
Sampling:  25%|██▍       | 249/1000 [00:03<00:11, 63.04it/s]
Sampling:  26%|██▌       | 256/1000 [00:04<00:11, 63.34it/s]
Sampling:  26%|██▋       | 263/1000 [00:04<00:11, 63.38it/s]
Sampling:  27%|██▋       | 270/1000 [00:04<00:11, 62.93it/s]
Sampling:  28%|██▊       | 277/1000 [00:04<00:11, 62.19it/s]
Sampling:  28%|██▊       | 284/1000 [00:04<00:11, 61.45it/s]
Sampling:  29%|██▉       | 291/1000 [00:04<00:11, 61.32it/s]
Sampling:  29%|██▉       | 294/1000 [00:04<00:11, 63.02it/s]
{"file": "C:\\Hangeul\\JARVIS\\voice-samples\\real__chatterbox__meloref__kr-neutral.wav", "voice": "meloref", "kind": "kr-neutral", "lang": "ko", "exaggeration": 0.5, "cfg_weight": 0.5, "device": "cuda", "synth_s": 6.08, "duration_s": 11.72, "rtf": 0.519}
WARNING:root:Reference mel length is not equal to 2 * reference token length.


Sampling:   0%|          | 0/1000 [00:00<?, ?it/s]
Sampling:   0%|          | 3/1000 [00:00<00:36, 27.10it/s]
Sampling:   1%|          | 9/1000 [00:00<00:22, 43.25it/s]
Sampling:   2%|▏         | 15/1000 [00:00<00:20, 48.34it/s]
Sampling:   2%|▏         | 21/1000 [00:00<00:19, 50.70it/s]
Sampling:   3%|▎         | 27/1000 [00:00<00:18, 53.80it/s]
Sampling:   3%|▎         | 33/1000 [00:00<00:19, 50.20it/s]
Sampling:   4%|▍         | 40/1000 [00:00<00:17, 54.43it/s]
Sampling:   5%|▍         | 47/1000 [00:00<00:16, 58.23it/s]
Sampling:   5%|▌         | 54/1000 [00:00<00:15, 60.37it/s]
Sampling:   6%|▌         | 61/1000 [00:01<00:15, 61.71it/s]
Sampling:   7%|▋         | 68/1000 [00:01<00:14, 62.34it/s]
Sampling:   8%|▊         | 75/1000 [00:01<00:14, 63.19it/s]
Sampling:   8%|▊         | 82/1000 [00:01<00:14, 62.84it/s]
Sampling:   9%|▉         | 89/1000 [00:01<00:14, 63.28it/s]
Sampling:  10%|▉         | 96/1000 [00:01<00:14, 60.51it/s]
Sampling:  10%|█         | 103/1000 [00:01<00:15, 57.91it/s]
Sampling:  11%|█         | 109/1000 [00:01<00:15, 56.96it/s]
Sampling:  12%|█▏        | 115/1000 [00:02<00:15, 56.63it/s]
Sampling:  12%|█▏        | 122/1000 [00:02<00:14, 58.79it/s]
Sampling:  13%|█▎        | 129/1000 [00:02<00:14, 60.41it/s]
Sampling:  14%|█▎        | 136/1000 [00:02<00:14, 61.07it/s]
Sampling:  14%|█▍        | 143/1000 [00:02<00:13, 61.85it/s]
Sampling:  15%|█▌        | 150/1000 [00:02<00:13, 61.58it/s]
Sampling:  16%|█▌        | 157/1000 [00:02<00:13, 62.78it/s]
Sampling:  16%|█▋        | 164/1000 [00:02<00:13, 62.63it/s]
Sampling:  17%|█▋        | 171/1000 [00:02<00:13, 63.74it/s]
Sampling:  18%|█▊        | 178/1000 [00:03<00:12, 64.00it/s]
Sampling:  18%|█▊        | 185/1000 [00:03<00:12, 63.32it/s]
Sampling:  19%|█▉        | 192/1000 [00:03<00:13, 62.10it/s]
Sampling:  20%|█▉        | 199/1000 [00:03<00:12, 61.80it/s]
Sampling:  21%|██        | 206/1000 [00:03<00:12, 62.14it/s]
Sampling:  21%|██▏       | 213/1000 [00:03<00:12, 62.53it/s]
Sampling:  22%|██▏       | 220/1000 [00:03<00:12, 62.98it/s]
Sampling:  23%|██▎       | 227/1000 [00:03<00:12, 62.68it/s]
Sampling:  23%|██▎       | 234/1000 [00:03<00:12, 62.91it/s]
Sampling:  24%|██▍       | 241/1000 [00:04<00:12, 61.82it/s]
Sampling:  25%|██▍       | 248/1000 [00:04<00:12, 61.87it/s]
Sampling:  26%|██▌       | 255/1000 [00:04<00:12, 61.73it/s]
Sampling:  26%|██▌       | 262/1000 [00:04<00:11, 61.75it/s]
Sampling:  27%|██▋       | 269/1000 [00:04<00:11, 61.60it/s]
Sampling:  28%|██▊       | 276/1000 [00:04<00:11, 61.65it/s]
Sampling:  28%|██▊       | 283/1000 [00:04<00:11, 60.96it/s]
Sampling:  29%|██▉       | 290/1000 [00:04<00:11, 61.19it/s]
Sampling:  30%|██▉       | 297/1000 [00:04<00:11, 61.45it/s]
Sampling:  30%|███       | 304/1000 [00:05<00:11, 60.43it/s]
Sampling:  31%|███       | 311/1000 [00:05<00:11, 59.08it/s]
Sampling:  32%|███▏      | 317/1000 [00:05<00:11, 58.51it/s]
Sampling:  32%|███▏      | 319/1000 [00:05<00:11, 59.87it/s]
{"file": "C:\\Hangeul\\JARVIS\\voice-samples\\real__chatterbox__meloref-ex0.5-cfg0.5__kr-aegyo.wav", "voice": "meloref", "kind": "kr-aegyo", "lang": "ko", "exaggeration": 0.5, "cfg_weight": 0.5, "device": "cuda", "synth_s": 6.84, "duration_s": 12.72, "rtf": 0.538}
WARNING:root:Reference mel length is not equal to 2 * reference token length.


Sampling:   0%|          | 0/1000 [00:00<?, ?it/s]
Sampling:   0%|          | 3/1000 [00:00<00:36, 27.08it/s]
Sampling:   1%|          | 10/1000 [00:00<00:20, 48.39it/s]
Sampling:   2%|▏         | 17/1000 [00:00<00:17, 55.97it/s]
Sampling:   2%|▏         | 24/1000 [00:00<00:16, 59.15it/s]
Sampling:   3%|▎         | 31/1000 [00:00<00:15, 60.59it/s]
Sampling:   4%|▍         | 38/1000 [00:00<00:15, 61.48it/s]
Sampling:   4%|▍         | 45/1000 [00:00<00:15, 62.13it/s]
Sampling:   5%|▌         | 52/1000 [00:00<00:15, 61.84it/s]
Sampling:   6%|▌         | 59/1000 [00:00<00:15, 61.95it/s]
Sampling:   7%|▋         | 66/1000 [00:01<00:14, 62.85it/s]
Sampling:   7%|▋         | 73/1000 [00:01<00:14, 62.78it/s]
Sampling:   8%|▊         | 80/1000 [00:01<00:14, 62.90it/s]
Sampling:   9%|▊         | 87/1000 [00:01<00:14, 63.03it/s]
Sampling:   9%|▉         | 94/1000 [00:01<00:14, 61.56it/s]
Sampling:  10%|█         | 101/1000 [00:01<00:14, 62.38it/s]
Sampling:  11%|█         | 108/1000 [00:01<00:14, 62.69it/s]
Sampling:  12%|█▏        | 115/1000 [00:01<00:13, 63.35it/s]
Sampling:  12%|█▏        | 122/1000 [00:01<00:13, 63.47it/s]
Sampling:  13%|█▎        | 129/1000 [00:02<00:13, 63.65it/s]
Sampling:  14%|█▎        | 136/1000 [00:02<00:13, 63.35it/s]
Sampling:  14%|█▍        | 143/1000 [00:02<00:13, 63.04it/s]
Sampling:  15%|█▌        | 150/1000 [00:02<00:13, 63.00it/s]
Sampling:  16%|█▌        | 157/1000 [00:02<00:13, 62.58it/s]
Sampling:  16%|█▋        | 164/1000 [00:02<00:13, 62.38it/s]
Sampling:  17%|█▋        | 171/1000 [00:02<00:13, 62.37it/s]
Sampling:  18%|█▊        | 178/1000 [00:02<00:13, 62.53it/s]
Sampling:  18%|█▊        | 185/1000 [00:03<00:13, 61.32it/s]
Sampling:  19%|█▉        | 192/1000 [00:03<00:13, 60.97it/s]
Sampling:  20%|█▉        | 199/1000 [00:03<00:12, 61.62it/s]
Sampling:  21%|██        | 206/1000 [00:03<00:12, 61.75it/s]
Sampling:  21%|██▏       | 213/1000 [00:03<00:12, 61.01it/s]
Sampling:  22%|██▏       | 220/1000 [00:03<00:12, 60.68it/s]
Sampling:  23%|██▎       | 227/1000 [00:03<00:12, 61.01it/s]
Sampling:  23%|██▎       | 234/1000 [00:03<00:12, 60.76it/s]
Sampling:  24%|██▍       | 241/1000 [00:03<00:12, 60.98it/s]
Sampling:  25%|██▍       | 248/1000 [00:04<00:12, 59.96it/s]
Sampling:  26%|██▌       | 255/1000 [00:04<00:12, 60.02it/s]
Sampling:  26%|██▌       | 262/1000 [00:04<00:12, 60.54it/s]
Sampling:  27%|██▋       | 269/1000 [00:04<00:12, 58.16it/s]
Sampling:  28%|██▊       | 275/1000 [00:04<00:12, 57.85it/s]
Sampling:  28%|██▊       | 281/1000 [00:04<00:12, 58.21it/s]
Sampling:  29%|██▊       | 287/1000 [00:04<00:12, 58.02it/s]
Sampling:  29%|██▉       | 294/1000 [00:04<00:12, 58.46it/s]
Sampling:  30%|███       | 301/1000 [00:04<00:11, 59.31it/s]
Sampling:  31%|███       | 307/1000 [00:05<00:11, 59.29it/s]
Sampling:  31%|███▏      | 313/1000 [00:05<00:11, 58.79it/s]
Sampling:  32%|███▏      | 319/1000 [00:05<00:11, 58.03it/s]
Sampling:  32%|███▎      | 325/1000 [00:05<00:11, 58.50it/s]
Sampling:  33%|███▎      | 331/1000 [00:05<00:11, 58.55it/s]
Sampling:  34%|███▎      | 337/1000 [00:05<00:11, 58.83it/s]
Sampling:  34%|███▍      | 343/1000 [00:05<00:11, 58.86it/s]
Sampling:  35%|███▍      | 349/1000 [00:05<00:11, 55.47it/s]
Sampling:  36%|███▌      | 355/1000 [00:05<00:11, 53.89it/s]
Sampling:  36%|███▌      | 361/1000 [00:06<00:12, 52.72it/s]
Sampling:  36%|███▋      | 364/1000 [00:06<00:10, 59.81it/s]
{"file": "C:\\Hangeul\\JARVIS\\voice-samples\\real__chatterbox__meloref-ex0.8-cfg0.3__kr-aegyo.wav", "voice": "meloref", "kind": "kr-aegyo", "lang": "ko", "exaggeration": 0.8, "cfg_weight": 0.3, "device": "cuda", "synth_s": 7.72, "duration_s": 14.52, "rtf": 0.532}
WARNING:root:Reference mel length is not equal to 2 * reference token length.


Sampling:   0%|          | 0/1000 [00:00<?, ?it/s]
Sampling:   0%|          | 3/1000 [00:00<00:36, 27.33it/s]
Sampling:   1%|          | 8/1000 [00:00<00:25, 38.45it/s]
Sampling:   1%|▏         | 14/1000 [00:00<00:21, 46.28it/s]
Sampling:   2%|▏         | 20/1000 [00:00<00:20, 48.64it/s]
Sampling:   2%|▎         | 25/1000 [00:00<00:19, 48.89it/s]
Sampling:   3%|▎         | 31/1000 [00:00<00:19, 49.70it/s]
Sampling:   4%|▎         | 37/1000 [00:00<00:18, 52.49it/s]
Sampling:   4%|▍         | 43/1000 [00:00<00:17, 54.69it/s]
Sampling:   5%|▌         | 50/1000 [00:00<00:16, 56.69it/s]
Sampling:   6%|▌         | 57/1000 [00:01<00:16, 58.20it/s]
Sampling:   6%|▋         | 64/1000 [00:01<00:15, 59.89it/s]
Sampling:   7%|▋         | 71/1000 [00:01<00:15, 60.17it/s]
Sampling:   8%|▊         | 78/1000 [00:01<00:15, 60.26it/s]
Sampling:   8%|▊         | 85/1000 [00:01<00:15, 59.76it/s]
Sampling:   9%|▉         | 91/1000 [00:01<00:15, 59.34it/s]
Sampling:  10%|▉         | 97/1000 [00:01<00:15, 59.48it/s]
Sampling:  10%|█         | 104/1000 [00:01<00:14, 60.75it/s]
Sampling:  11%|█         | 111/1000 [00:01<00:14, 61.49it/s]
Sampling:  12%|█▏        | 118/1000 [00:02<00:14, 62.78it/s]
Sampling:  12%|█▎        | 125/1000 [00:02<00:13, 63.05it/s]
Sampling:  13%|█▎        | 132/1000 [00:02<00:13, 63.32it/s]
Sampling:  14%|█▍        | 139/1000 [00:02<00:13, 63.80it/s]
Sampling:  15%|█▍        | 146/1000 [00:02<00:13, 64.15it/s]
Sampling:  15%|█▌        | 153/1000 [00:02<00:13, 64.03it/s]
Sampling:  16%|█▌        | 160/1000 [00:02<00:13, 64.11it/s]
Sampling:  17%|█▋        | 167/1000 [00:02<00:13, 63.97it/s]
Sampling:  17%|█▋        | 174/1000 [00:02<00:13, 63.27it/s]
Sampling:  18%|█▊        | 181/1000 [00:03<00:13, 62.65it/s]
Sampling:  19%|█▉        | 188/1000 [00:03<00:12, 62.81it/s]
Sampling:  20%|█▉        | 195/1000 [00:03<00:12, 63.19it/s]
Sampling:  20%|██        | 202/1000 [00:03<00:12, 63.45it/s]
Sampling:  21%|██        | 209/1000 [00:03<00:12, 63.16it/s]
Sampling:  22%|██▏       | 216/1000 [00:03<00:12, 62.57it/s]
Sampling:  22%|██▏       | 223/1000 [00:03<00:12, 62.48it/s]
Sampling:  23%|██▎       | 230/1000 [00:03<00:12, 62.19it/s]
Sampling:  24%|██▎       | 237/1000 [00:03<00:12, 62.10it/s]
Sampling:  24%|██▍       | 244/1000 [00:04<00:12, 61.76it/s]
Sampling:  25%|██▌       | 251/1000 [00:04<00:12, 61.40it/s]
Sampling:  26%|██▌       | 258/1000 [00:04<00:12, 61.18it/s]
Sampling:  26%|██▋       | 265/1000 [00:04<00:11, 61.44it/s]
Sampling:  27%|██▋       | 272/1000 [00:04<00:11, 61.45it/s]
Sampling:  28%|██▊       | 279/1000 [00:04<00:11, 61.22it/s]
Sampling:  29%|██▊       | 286/1000 [00:04<00:11, 60.97it/s]
Sampling:  29%|██▉       | 293/1000 [00:04<00:11, 60.49it/s]
Sampling:  30%|███       | 300/1000 [00:05<00:11, 60.68it/s]
Sampling:  31%|███       | 307/1000 [00:05<00:11, 60.29it/s]
Sampling:  31%|███▏      | 314/1000 [00:05<00:11, 59.72it/s]
Sampling:  32%|███▏      | 320/1000 [00:05<00:11, 59.64it/s]
Sampling:  33%|███▎      | 326/1000 [00:05<00:11, 59.51it/s]
Sampling:  33%|███▎      | 332/1000 [00:05<00:11, 59.40it/s]
Sampling:  34%|███▍      | 339/1000 [00:05<00:11, 59.78it/s]
Sampling:  34%|███▍      | 345/1000 [00:05<00:11, 58.79it/s]
Sampling:  35%|███▌      | 351/1000 [00:05<00:11, 58.84it/s]
Sampling:  36%|███▌      | 357/1000 [00:05<00:11, 58.29it/s]
Sampling:  36%|███▋      | 363/1000 [00:06<00:10, 58.60it/s]
Sampling:  37%|███▋      | 366/1000 [00:06<00:10, 59.70it/s]
{"file": "C:\\Hangeul\\JARVIS\\voice-samples\\real__chatterbox__meloref-ex1.1-cfg0.2__kr-aegyo.wav", "voice": "meloref", "kind": "kr-aegyo", "lang": "ko", "exaggeration": 1.1, "cfg_weight": 0.2, "device": "cuda", "synth_s": 7.81, "duration_s": 14.6, "rtf": 0.535}

Sampling:   0%|          | 0/1000 [00:00<?, ?it/s]
Sampling:   0%|          | 4/1000 [00:00<00:28, 34.78it/s]
Sampling:   1%|          | 10/1000 [00:00<00:20, 48.47it/s]
Sampling:   2%|▏         | 17/1000 [00:00<00:17, 55.76it/s]
Sampling:   2%|▏         | 24/1000 [00:00<00:16, 58.75it/s]
Sampling:   3%|▎         | 31/1000 [00:00<00:15, 61.35it/s]
Sampling:   4%|▍         | 38/1000 [00:00<00:15, 63.07it/s]
Sampling:   4%|▍         | 45/1000 [00:00<00:14, 63.88it/s]
Sampling:   5%|▌         | 52/1000 [00:00<00:14, 63.75it/s]
Sampling:   6%|▌         | 59/1000 [00:00<00:14, 64.03it/s]
Sampling:   7%|▋         | 66/1000 [00:01<00:14, 64.22it/s]
Sampling:   7%|▋         | 73/1000 [00:01<00:14, 63.70it/s]
Sampling:   8%|▊         | 80/1000 [00:01<00:15, 61.08it/s]
Sampling:   9%|▊         | 87/1000 [00:01<00:14, 62.34it/s]
Sampling:   9%|▉         | 94/1000 [00:01<00:14, 62.81it/s]
Sampling:  10%|█         | 101/1000 [00:01<00:14, 63.53it/s]
Sampling:  11%|█         | 108/1000 [00:01<00:13, 63.95it/s]
Sampling:  12%|█▏        | 115/1000 [00:01<00:14, 60.87it/s]
Sampling:  12%|█▏        | 122/1000 [00:01<00:14, 62.49it/s]
Sampling:  13%|█▎        | 129/1000 [00:02<00:13, 63.27it/s]
Sampling:  14%|█▎        | 136/1000 [00:02<00:13, 63.85it/s]
Sampling:  14%|█▍        | 143/1000 [00:02<00:13, 64.77it/s]
Sampling:  15%|█▌        | 150/1000 [00:02<00:13, 64.51it/s]
Sampling:  16%|█▌        | 157/1000 [00:02<00:13, 64.08it/s]
Sampling:  16%|█▋        | 164/1000 [00:02<00:13, 64.08it/s]
Sampling:  17%|█▋        | 171/1000 [00:02<00:13, 63.46it/s]
Sampling:  18%|█▊        | 178/1000 [00:02<00:12, 63.37it/s]
Sampling:  18%|█▊        | 185/1000 [00:02<00:12, 63.06it/s]
Sampling:  19%|█▉        | 192/1000 [00:03<00:12, 62.76it/s]
Sampling:  20%|█▉        | 199/1000 [00:03<00:12, 62.63it/s]
Sampling:  21%|██        | 206/1000 [00:03<00:12, 62.63it/s]
Sampling:  21%|██▏       | 213/1000 [00:03<00:12, 62.04it/s]
Sampling:  22%|██▏       | 220/1000 [00:03<00:12, 61.96it/s]
Sampling:  23%|██▎       | 227/1000 [00:03<00:12, 61.83it/s]
Sampling:  23%|██▎       | 234/1000 [00:03<00:12, 61.81it/s]
Sampling:  24%|██▍       | 241/1000 [00:03<00:12, 61.64it/s]
Sampling:  25%|██▍       | 248/1000 [00:03<00:12, 61.77it/s]
Sampling:  26%|██▌       | 255/1000 [00:04<00:12, 61.60it/s]
Sampling:  26%|██▌       | 262/1000 [00:04<00:12, 61.25it/s]
Sampling:  27%|██▋       | 269/1000 [00:04<00:11, 61.44it/s]
Sampling:  28%|██▊       | 276/1000 [00:04<00:11, 60.90it/s]
Sampling:  28%|██▊       | 283/1000 [00:04<00:11, 60.50it/s]
Sampling:  29%|██▉       | 290/1000 [00:04<00:11, 60.32it/s]
Sampling:  30%|██▉       | 296/1000 [00:04<00:11, 61.89it/s]
{"file": "C:\\Hangeul\\JARVIS\\voice-samples\\real__chatterbox__default-cfg0__kr-neutral.wav", "voice": "default", "kind": "kr-neutral", "lang": "ko", "exaggeration": 0.5, "cfg_weight": 0.0, "device": "cuda", "synth_s": 6.09, "duration_s": 11.8, "rtf": 0.516}
peak VRAM reserved by this process: 4.30 GB
released gpu.lock
